Attention: Next.js now collects completely anonymous telemetry regarding usage.
This information is used to shape Next.js' roadmap and prioritize features.
You can learn more, including how to opt-out if you'd not like to participate in this anonymous program, by visiting the following URL:
https://nextjs.org/telemetry

 ⚠ Found lockfile missing swc dependencies, patching...
   ▲ Next.js 15.5.20

   Creating an optimized production build ...
 ⚠ Found lockfile missing swc dependencies, patching...
 ⚠ Lockfile was successfully patched, please run "npm install" to ensure @next/swc dependencies are downloaded
 ✓ Compiled successfully in 21.9s
   Skipping linting
   Checking validity of types ...
   Collecting page data ...
   Generating static pages (0/8) ...
   Generating static pages (2/8) 
   Generating static pages (4/8) 
   Generating static pages (6/8) 
 ✓ Generating static pages (8/8)
   Finalizing page optimization ...
   Collecting build traces ...

Route (app)                                 Size  First Load JS
┌ ƒ /                                    1.59 kB         115 kB
├ ○ /_not-found                            993 B         103 kB
├ ○ /ajustes                             3.17 kB         117 kB
├ ƒ /api/auth/login                        136 B         103 kB
├ ƒ /api/examples                          136 B         103 kB
├ ƒ /api/examples/[id]                     136 B         103 kB
├ ƒ /api/examples/[id]/chat                136 B         103 kB
├ ƒ /api/settings                          136 B         103 kB
├ ƒ /ejemplos/[slug]                     5.11 kB         118 kB
└ ○ /login                               1.97 kB         112 kB
+ First Load JS shared by all             102 kB
  ├ chunks/255-3981a3d1f3561bd8.js       46.2 kB
  ├ chunks/4bd1b696-c023c6e3521b1417.js  54.2 kB
  └ other shared chunks (total)          1.92 kB


○  (Static)   prerendered as static content
ƒ  (Dynamic)  server-rendered on demand

