   ▲ Next.js 15.5.20
   - Environments: .env.local

   Creating an optimized production build ...
 ✓ Compiled successfully in 9.5s
   Skipping linting
   Checking validity of types ...
   Collecting page data ...
   Generating static pages (0/8) ...
   Generating static pages (2/8) 
   Generating static pages (4/8) 
   Generating static pages (6/8) 
 ✓ Generating static pages (8/8)
   Finalizing page optimization ...
   Collecting build traces ...

Route (app)                                 Size  First Load JS
┌ ƒ /                                    1.59 kB         115 kB
├ ○ /_not-found                            993 B         103 kB
├ ○ /ajustes                             3.17 kB         117 kB
├ ƒ /api/auth/login                        136 B         103 kB
├ ƒ /api/examples                          136 B         103 kB
├ ƒ /api/examples/[id]                     136 B         103 kB
├ ƒ /api/examples/[id]/chat                136 B         103 kB
├ ƒ /api/settings                          136 B         103 kB
├ ƒ /ejemplos/[slug]                     5.11 kB         118 kB
└ ○ /login                               1.97 kB         112 kB
+ First Load JS shared by all             102 kB
  ├ chunks/255-3981a3d1f3561bd8.js       46.2 kB
  ├ chunks/4bd1b696-c023c6e3521b1417.js  54.2 kB
  └ other shared chunks (total)          1.92 kB


○  (Static)   prerendered as static content
ƒ  (Dynamic)  server-rendered on demand

