   ▲ Next.js 15.5.20
   - Local:        http://localhost:3311
   - Network:      http://172.16.10.3:3311

 ✓ Starting...
 ✓ Ready in 1123ms
[api/examples POST] {
  message: 'TypeError: fetch failed',
  details: 'TypeError: fetch failed\n' +
    '\n' +
    'Caused by: Error: getaddrinfo ENOTFOUND placeholder.supabase.co (ENOTFOUND)\n' +
    'Error: getaddrinfo ENOTFOUND placeholder.supabase.co\n' +
    '    at GetAddrInfoReqWrap.onlookupall [as oncomplete] (node:dns:122:26)\n' +
    '    at GetAddrInfoReqWrap.callbackTrampoline (node:internal/async_hooks:130:17)',
  hint: '',
  code: ''
}
[api/examples GET] {
  message: 'TypeError: fetch failed',
  details: 'TypeError: fetch failed\n' +
    '\n' +
    'Caused by: Error: getaddrinfo ENOTFOUND placeholder.supabase.co (ENOTFOUND)\n' +
    'Error: getaddrinfo ENOTFOUND placeholder.supabase.co\n' +
    '    at GetAddrInfoReqWrap.onlookupall [as oncomplete] (node:dns:122:26)\n' +
    '    at GetAddrInfoReqWrap.callbackTrampoline (node:internal/async_hooks:130:17)',
  hint: '',
  code: ''
}
